RegionAU915.c:119:13:VerifyRfFreq	16	static
RegionAU915.c:178:12:RegionAU915GetPhyParam	16	static
RegionAU915.c:400:6:RegionAU915SetBandTxDone	8	static
RegionAU915.c:405:6:RegionAU915InitDefaults	32	static
RegionAU915.c:476:7:RegionAU915GetNvmCtx	0	static
RegionAU915.c:482:6:RegionAU915Verify	8	static
RegionAU915.c:528:6:RegionAU915ApplyCFList	20	static
RegionAU915.c:556:6:RegionAU915ChanMaskSet	8	static
RegionAU915.c:584:6:RegionAU915ComputeRxWindowParameters	48	static
RegionAU915.c:597:6:RegionAU915RxConfig	80	static
RegionAU915.c:638:6:RegionAU915TxConfig	88	static
RegionAU915.c:663:9:RegionAU915LinkAdrReq	120	static
RegionAU915.c:824:9:RegionAU915RxParamSetupReq	16	static
RegionAU915.c:854:9:RegionAU915NewChannelReq	0	static
RegionAU915.c:860:8:RegionAU915TxParamSetupReq	0	static
RegionAU915.c:866:9:RegionAU915DlChannelReq	0	static
RegionAU915.c:871:8:RegionAU915AlternateDr	0	static
RegionAU915.c:890:6:RegionAU915CalcBackOff	32	static
RegionAU915.c:906:17:RegionAU915NextChannel	136	static
RegionAU915.c:971:17:RegionAU915ChannelAdd	0	static
RegionAU915.c:976:6:RegionAU915ChannelsRemove	0	static
RegionAU915.c:981:6:RegionAU915SetContinuousWave	24	static
RegionAU915.c:993:9:RegionAU915ApplyDrOffset	0	static
RegionAU915.c:1011:6:RegionAU915RxBeaconSetup	32	static
