RegionUS915.c:234:13:VerifyRfFreq	16	static
RegionUS915.c:292:12:RegionUS915GetPhyParam	16	static
RegionUS915.c:480:6:RegionUS915SetBandTxDone	8	static
RegionUS915.c:485:6:RegionUS915InitDefaults	32	static
RegionUS915.c:562:7:RegionUS915GetNvmCtx	0	static
RegionUS915.c:568:6:RegionUS915Verify	8	static
RegionUS915.c:603:6:RegionUS915ApplyCFList	20	static
RegionUS915.c:631:6:RegionUS915ChanMaskSet	16	static
RegionUS915.c:668:6:RegionUS915ComputeRxWindowParameters	48	static
RegionUS915.c:681:6:RegionUS915RxConfig	80	static
RegionUS915.c:722:6:RegionUS915TxConfig	88	static
RegionUS915.c:747:9:RegionUS915LinkAdrReq	112	static
RegionUS915.c:908:9:RegionUS915RxParamSetupReq	16	static
RegionUS915.c:938:9:RegionUS915NewChannelReq	0	static
RegionUS915.c:944:8:RegionUS915TxParamSetupReq	0	static
RegionUS915.c:949:9:RegionUS915DlChannelReq	0	static
RegionUS915.c:954:8:RegionUS915AlternateDr	8	static
RegionUS915.c:979:6:RegionUS915CalcBackOff	32	static
RegionUS915.c:995:17:RegionUS915NextChannel	152	static
RegionUS915.c:1095:17:RegionUS915ChannelAdd	0	static
RegionUS915.c:1100:6:RegionUS915ChannelsRemove	0	static
RegionUS915.c:1105:6:RegionUS915SetContinuousWave	32	static
RegionUS915.c:1117:9:RegionUS915ApplyDrOffset	0	static
RegionUS915.c:1128:6:RegionUS915RxBeaconSetup	32	static
