RegionEU868.c:108:13:VerifyRfFreq	24	static
RegionEU868.c:189:12:RegionEU868GetPhyParam	16	static
RegionEU868.c:367:6:RegionEU868SetBandTxDone	8	static
RegionEU868.c:372:6:RegionEU868InitDefaults	112	static
RegionEU868.c:428:7:RegionEU868GetNvmCtx	0	static
RegionEU868.c:434:6:RegionEU868Verify	16	static
RegionEU868.c:529:6:RegionEU868ChanMaskSet	8	static
RegionEU868.c:549:6:RegionEU868ComputeRxWindowParameters	48	static
RegionEU868.c:569:6:RegionEU868RxConfig	72	static
RegionEU868.c:626:6:RegionEU868TxConfig	88	static
RegionEU868.c:661:9:RegionEU868LinkAdrReq	96	static
RegionEU868.c:766:9:RegionEU868RxParamSetupReq	24	static
RegionEU868.c:845:8:RegionEU868TxParamSetupReq	0	static
RegionEU868.c:850:9:RegionEU868DlChannelReq	16	static
RegionEU868.c:876:8:RegionEU868AlternateDr	0	static
RegionEU868.c:881:6:RegionEU868CalcBackOff	32	static
RegionEU868.c:897:17:RegionEU868NextChannel	64	static
RegionEU868.c:952:17:RegionEU868ChannelAdd	40	static
RegionEU868.c:1012:6:RegionEU868ChannelsRemove	8	static
RegionEU868.c:470:6:RegionEU868ApplyCFList	48	static
RegionEU868.c:792:9:RegionEU868NewChannelReq	16	static
RegionEU868.c:1027:6:RegionEU868SetContinuousWave	24	static
RegionEU868.c:1039:9:RegionEU868ApplyDrOffset	0	static
RegionEU868.c:1050:6:RegionEU868RxBeaconSetup	32	static
