RegionAS923.c:108:13:VerifyRfFreq	16	static
RegionAS923.c:164:12:RegionAS923GetPhyParam	16	static
RegionAS923.c:381:6:RegionAS923SetBandTxDone	8	static
RegionAS923.c:386:6:RegionAS923InitDefaults	32	static
RegionAS923.c:435:7:RegionAS923GetNvmCtx	0	static
RegionAS923.c:441:6:RegionAS923Verify	8	static
RegionAS923.c:549:6:RegionAS923ChanMaskSet	8	static
RegionAS923.c:569:6:RegionAS923ComputeRxWindowParameters	48	static
RegionAS923.c:589:6:RegionAS923RxConfig	72	static
RegionAS923.c:647:6:RegionAS923TxConfig	88	static
RegionAS923.c:681:9:RegionAS923LinkAdrReq	104	static
RegionAS923.c:786:9:RegionAS923RxParamSetupReq	16	static
RegionAS923.c:864:8:RegionAS923TxParamSetupReq	0	static
RegionAS923.c:870:9:RegionAS923DlChannelReq	8	static
RegionAS923.c:895:8:RegionAS923AlternateDr	0	static
RegionAS923.c:901:6:RegionAS923CalcBackOff	32	static
RegionAS923.c:917:17:RegionAS923NextChannel	64	static
RegionAS923.c:984:17:RegionAS923ChannelAdd	24	static
RegionAS923.c:1043:6:RegionAS923ChannelsRemove	8	static
RegionAS923.c:490:6:RegionAS923ApplyCFList	48	static
RegionAS923.c:811:9:RegionAS923NewChannelReq	16	static
RegionAS923.c:1058:6:RegionAS923SetContinuousWave	24	static
RegionAS923.c:1070:9:RegionAS923ApplyDrOffset	0	static
RegionAS923.c:1085:6:RegionAS923RxBeaconSetup	32	static
