RegionCN779.c:108:13:VerifyRfFreq	16	static
RegionCN779.c:164:12:RegionCN779GetPhyParam	16	static
RegionCN779.c:342:6:RegionCN779SetBandTxDone	8	static
RegionCN779.c:347:6:RegionCN779InitDefaults	32	static
RegionCN779.c:398:7:RegionCN779GetNvmCtx	0	static
RegionCN779.c:404:6:RegionCN779Verify	8	static
RegionCN779.c:498:6:RegionCN779ChanMaskSet	8	static
RegionCN779.c:518:6:RegionCN779ComputeRxWindowParameters	48	static
RegionCN779.c:538:6:RegionCN779RxConfig	72	static
RegionCN779.c:594:6:RegionCN779TxConfig	88	static
RegionCN779.c:629:9:RegionCN779LinkAdrReq	96	static
RegionCN779.c:734:9:RegionCN779RxParamSetupReq	16	static
RegionCN779.c:812:8:RegionCN779TxParamSetupReq	0	static
RegionCN779.c:817:9:RegionCN779DlChannelReq	8	static
RegionCN779.c:842:8:RegionCN779AlternateDr	0	static
RegionCN779.c:847:6:RegionCN779CalcBackOff	32	static
RegionCN779.c:863:17:RegionCN779NextChannel	64	static
RegionCN779.c:918:17:RegionCN779ChannelAdd	24	static
RegionCN779.c:977:6:RegionCN779ChannelsRemove	8	static
RegionCN779.c:439:6:RegionCN779ApplyCFList	48	static
RegionCN779.c:759:9:RegionCN779NewChannelReq	16	static
RegionCN779.c:992:6:RegionCN779SetContinuousWave	24	static
RegionCN779.c:1004:9:RegionCN779ApplyDrOffset	0	static
RegionCN779.c:1015:6:RegionCN779RxBeaconSetup	32	static
