RegionRU864.c:108:13:VerifyRfFreq	16	static
RegionRU864.c:165:12:RegionRU864GetPhyParam	16	static
RegionRU864.c:338:6:RegionRU864SetBandTxDone	8	static
RegionRU864.c:343:6:RegionRU864InitDefaults	32	static
RegionRU864.c:392:7:RegionRU864GetNvmCtx	0	static
RegionRU864.c:398:6:RegionRU864Verify	8	static
RegionRU864.c:492:6:RegionRU864ChanMaskSet	8	static
RegionRU864.c:512:6:RegionRU864ComputeRxWindowParameters	48	static
RegionRU864.c:532:6:RegionRU864RxConfig	72	static
RegionRU864.c:589:6:RegionRU864TxConfig	88	static
RegionRU864.c:623:9:RegionRU864LinkAdrReq	96	static
RegionRU864.c:728:9:RegionRU864RxParamSetupReq	16	static
RegionRU864.c:806:8:RegionRU864TxParamSetupReq	0	static
RegionRU864.c:811:9:RegionRU864DlChannelReq	8	static
RegionRU864.c:836:8:RegionRU864AlternateDr	0	static
RegionRU864.c:841:6:RegionRU864CalcBackOff	32	static
RegionRU864.c:857:17:RegionRU864NextChannel	56	static
RegionRU864.c:912:17:RegionRU864ChannelAdd	24	static
RegionRU864.c:971:6:RegionRU864ChannelsRemove	16	static
RegionRU864.c:433:6:RegionRU864ApplyCFList	48	static
RegionRU864.c:753:9:RegionRU864NewChannelReq	16	static
RegionRU864.c:986:6:RegionRU864SetContinuousWave	24	static
RegionRU864.c:998:9:RegionRU864ApplyDrOffset	0	static
RegionRU864.c:1009:6:RegionRU864RxBeaconSetup	32	static
