RegionIN865.c:112:13:VerifyRfFreq	16	static
RegionIN865.c:168:12:RegionIN865GetPhyParam	16	static
RegionIN865.c:346:6:RegionIN865SetBandTxDone	8	static
RegionIN865.c:351:6:RegionIN865InitDefaults	40	static
RegionIN865.c:402:7:RegionIN865GetNvmCtx	0	static
RegionIN865.c:408:6:RegionIN865Verify	8	static
RegionIN865.c:516:6:RegionIN865ChanMaskSet	8	static
RegionIN865.c:536:6:RegionIN865ComputeRxWindowParameters	48	static
RegionIN865.c:556:6:RegionIN865RxConfig	72	static
RegionIN865.c:612:6:RegionIN865TxConfig	88	static
RegionIN865.c:647:9:RegionIN865LinkAdrReq	88	static
RegionIN865.c:759:9:RegionIN865RxParamSetupReq	16	static
RegionIN865.c:837:8:RegionIN865TxParamSetupReq	0	static
RegionIN865.c:842:9:RegionIN865DlChannelReq	8	static
RegionIN865.c:867:8:RegionIN865AlternateDr	0	static
RegionIN865.c:872:6:RegionIN865CalcBackOff	32	static
RegionIN865.c:888:17:RegionIN865NextChannel	64	static
RegionIN865.c:943:17:RegionIN865ChannelAdd	24	static
RegionIN865.c:1002:6:RegionIN865ChannelsRemove	8	static
RegionIN865.c:457:6:RegionIN865ApplyCFList	48	static
RegionIN865.c:784:9:RegionIN865NewChannelReq	16	static
RegionIN865.c:1017:6:RegionIN865SetContinuousWave	24	static
RegionIN865.c:1029:9:RegionIN865ApplyDrOffset	0	static
RegionIN865.c:1035:6:RegionIN865RxBeaconSetup	32	static
