main.c:253:6:LoraMacProcessNotify	0	static
main.c:317:13:LORA_RxData	8	static
main.c:367:13:LORA_TxNeeded	8	static
main.c:355:13:LORA_ConfirmClass	8	static
main.c:259:13:LORA_HasJoined	8	static
main.c:380:9:LORA_GetBatteryLevel	8	static
main.c:324:13:OnTxTimerEvent	8	static
main.c:413:6:SENSOR_Start_Measuring	16	static
main.c:418:6:SENSOR_Stop_Measuring	16	static
main.c:423:6:SENSOR_Read_Measuring	16	static
main.c:267:13:Send	24	static
main.c:181:5:main	48	static,ignoring_inline_asm
main.c:428:6:SENSOR_Stop_Auto_Send	16	static
main.c:433:6:SENSOR_Enable_Auto_Send	16	static
main.c:438:6:HAL_UART_RxCpltCallback	24	static
