mlm32l0xx_hw.c:130:6:HW_DeInit	8	static
mlm32l0xx_hw.c:179:6:HW_GpioInit	64	static
mlm32l0xx_hw.c:225:6:SystemClock_Config	88	static
mlm32l0xx_hw.c:270:10:HW_GetRandomSeed	0	static
mlm32l0xx_hw.c:280:6:HW_GetUniqueId	8	static
mlm32l0xx_hw.c:355:6:HW_AdcInit	8	static
mlm32l0xx_hw.c:95:6:HW_Init	24	static
mlm32l0xx_hw.c:393:6:HW_AdcDeInit	8	static
mlm32l0xx_hw.c:404:10:HW_AdcReadChannel	32	static
mlm32l0xx_hw.c:292:10:HW_GetTemperatureLevel	16	static
mlm32l0xx_hw.c:331:10:HW_GetBatteryLevel	8	static
mlm32l0xx_hw.c:455:6:LPM_EnterStopMode	40	static,ignoring_inline_asm
mlm32l0xx_hw.c:479:6:LPM_ExitStopMode	16	static,ignoring_inline_asm
mlm32l0xx_hw.c:517:6:LPM_EnterSleepMode	8	static
