<html>
<body>
<pre>
<h1>µVision Build Log</h1>
<h2>Tool Versions:</h2>
IDE-Version: ?Vision V5.26.2.0
Copyright (C) 2018 ARM Ltd and ARM Germany GmbH. All rights reserved.
License Information: Phumphathai Chansriwong, KMITL, LIC=VYKSB-2PZGT-F9GYP-0ZDU0-HDEA0-BZKNV
 
Tool Versions:
Toolchain:       MDK-ARM Cortex-M0/M0+ 256K for ST  Version: 5.26.2.0
Toolchain Path:  D:\Keil_v5\ARM\ARMCC\Bin
C Compiler:      Armcc.exe V5.06 update 6 (build 750)
Assembler:       Armasm.exe V5.06 update 6 (build 750)
Linker/Locator:  ArmLink.exe V5.06 update 6 (build 750)
Library Manager: ArmAr.exe V5.06 update 6 (build 750)
Hex Converter:   FromElf.exe V5.06 update 6 (build 750)
CPU DLL:         SARMCM3.DLL V5.26.2.0
Dialog DLL:      DARMCM1.DLL V1.19.1.0
Target DLL:      STLink\ST-LINKIII-KEIL_SWO.dll V3.0.5.0
Dialog DLL:      TARMCM1.DLL V1.14.0.0
 
<h2>Project:</h2>
D:\STM32Software\STM32CubeExpansion_LRWAN_V1.3.1\Projects\B-L072Z-LRWAN1\Applications\LoRa\End_Node\MDK-ARM\Lora.uvprojx
Project File Date:  12/17/2019

<h2>Output:</h2>
*** Using Compiler 'V5.06 update 6 (build 750)', folder: 'D:\Keil_v5\ARM\ARMCC\Bin'
Rebuild target 'mlm32l07x01'
compiling HTS221_Driver.c...
compiling HTS221_Driver_HL.c...
compiling LPS25HB_Driver_HL.c...
compiling LPS22HB_Driver_HL.c...
compiling LPS22HB_Driver.c...
compiling LPS25HB_Driver.c...
compiling x_nucleo_iks01a2_humidity.c...
compiling x_nucleo_iks01a2.c...
compiling system_stm32l0xx.c...
compiling b-l072z-lrwan1.c...
compiling stm32l0xx_hal_adc.c...
compiling stm32l0xx_hal_uart.c...
compiling x_nucleo_iks01a2_pressure.c...
compiling x_nucleo_iks01a2_temperature.c...
compiling stm32l0xx_hal_spi.c...
compiling mlm32l07x01.c...
compiling sx1276.c...
compiling stm32l0xx_hal_rcc.c...
compiling stm32l0xx_hal_rcc_ex.c...
compiling stm32l0xx_hal_gpio.c...
compiling stm32l0xx_hal_dma.c...
compiling stm32l0xx_hal.c...
compiling stm32l0xx_hal_rtc.c...
compiling stm32l0xx_hal_cortex.c...
compiling stm32l0xx_hal_pwr_ex.c...
compiling stm32l0xx_hal_pwr.c...
assembling startup_stm32l072xx.s...
compiling stm32l0xx_hal_adc_ex.c...
compiling stm32l0xx_hal_rtc_ex.c...
compiling stm32l0xx_hal_tim_ex.c...
compiling stm32l0xx_hal_uart_ex.c...
compiling stm32l0xx_hal_tim.c...
compiling hw_rtc.c...
compiling bsp.c...
compiling stm32l0xx_hal_i2c.c...
compiling debug.c...
compiling hw_gpio.c...
compiling hw_spi.c...
compiling vcom.c...
compiling main.c...
compiling mlm32l0xx_it.c...
compiling mlm32l0xx_hal_msp.c...
compiling lora.c...
compiling mlm32l0xx_hw.c...
compiling lora-test.c...
compiling LoRaMac.c...
compiling LoRaMacCrypto.c...
compiling LoRaMacClassB.c...
compiling LoRaMacCommands.c...
compiling LoRaMacConfirmQueue.c...
compiling LoRaMacParser.c...
compiling LoRaMacAdr.c...
compiling RegionCN779.c...
compiling LoRaMacSerializer.c...
compiling RegionAU915.c...
compiling Region.c...
compiling RegionCommon.c...
compiling RegionAS923.c...
compiling RegionCN470.c...
compiling queue.c...
compiling RegionEU433.c...
compiling aes.c...
compiling RegionIN865.c...
compiling RegionEU868.c...
compiling RegionUS915.c...
compiling RegionKR920.c...
compiling utilities.c...
compiling RegionRU864.c...
compiling trace.c...
compiling low_power_manager.c...
compiling timeServer.c...
compiling systime.c...
compiling cmac.c...
compiling soft-se.c...
linking...
Program Size: Code=51036 RO-data=1872 RW-data=252 ZI-data=6564  
FromELF: creating hex file...
".\mlm32l07x01\NUCLEO_CUBE_LORA.axf" - 0 Error(s), 0 Warning(s).

<h2>Software Packages used:</h2>

Package Vendor: Keil
                http://www.keil.com/pack/Keil.STM32L0xx_DFP.2.0.1.pack
                Keil.STM32L0xx_DFP.2.0.1
                STMicroelectronics STM32L0 Series Device Support, Drivers and Examples

<h2>Collection of Component include folders:</h2>
  .\RTE\_mlm32l07x01
  D:\Keil_v5\ARM\PACK\Keil\STM32L0xx_DFP\2.0.1\Drivers\CMSIS\Device\ST\STM32L0xx\Include

<h2>Collection of Component Files used:</h2>
Build Time Elapsed:  00:00:34
</pre>
</body>
</html>
