LoRaMacClassB.c:602:6:LoRaMacClassBInit	0	static
LoRaMacClassB.c:626:6:LoRaMacClassBRestoreNvmCtx	0	static
LoRaMacClassB.c:644:7:LoRaMacClassBGetNvmCtx	0	static
LoRaMacClassB.c:655:6:LoRaMacClassBSetBeaconState	0	static
LoRaMacClassB.c:683:6:LoRaMacClassBSetPingSlotState	0	static
LoRaMacClassB.c:690:6:LoRaMacClassBSetMulticastSlotState	0	static
LoRaMacClassB.c:697:6:LoRaMacClassBIsAcquisitionInProgress	0	static
LoRaMacClassB.c:718:6:LoRaMacClassBBeaconTimerEvent	0	static
LoRaMacClassB.c:959:6:LoRaMacClassBPingSlotTimerEvent	0	static
LoRaMacClassB.c:1069:6:LoRaMacClassBMulticastSlotTimerEvent	0	static
LoRaMacClassB.c:1224:6:LoRaMacClassBRxBeacon	0	static
LoRaMacClassB.c:1325:6:LoRaMacClassBIsBeaconExpected	0	static
LoRaMacClassB.c:1339:6:LoRaMacClassBIsPingExpected	0	static
LoRaMacClassB.c:1352:6:LoRaMacClassBIsMulticastExpected	0	static
LoRaMacClassB.c:1365:6:LoRaMacClassBIsAcquisitionPending	0	static
LoRaMacClassB.c:1378:6:LoRaMacClassBIsBeaconModeActive	0	static
LoRaMacClassB.c:1392:6:LoRaMacClassBSetPingSlotInfo	0	static
LoRaMacClassB.c:1401:6:LoRaMacClassBHaltBeaconing	0	static
LoRaMacClassB.c:1429:6:LoRaMacClassBResumeBeaconing	0	static
LoRaMacClassB.c:1450:17:LoRaMacClassBSwitchClass	0	static
LoRaMacClassB.c:1475:17:LoRaMacClassBMibGetRequestConfirm	0	static
LoRaMacClassB.c:1499:17:LoRaMacMibClassBSetRequestConfirm	0	static
LoRaMacClassB.c:1524:6:LoRaMacClassBPingSlotInfoAns	0	static
LoRaMacClassB.c:1536:9:LoRaMacClassBPingSlotChannelReq	0	static
LoRaMacClassB.c:1583:6:LoRaMacClassBBeaconTimingAns	0	static
LoRaMacClassB.c:1612:6:LoRaMacClassBDeviceTimeAns	0	static
LoRaMacClassB.c:1648:6:LoRaMacClassBBeaconFreqReq	0	static
LoRaMacClassB.c:1677:13:LoRaMacClassBIsUplinkCollision	0	static
LoRaMacClassB.c:1701:6:LoRaMacClassBStopRxSlots	0	static
LoRaMacClassB.c:1714:6:LoRaMacClassBStartRxSlots	0	static
LoRaMacClassB.c:1730:6:LoRaMacClassBSetMulticastPeriodicity	0	static
LoRaMacClassB.c:1741:6:LoRaMacClassBProcess	0	static
