LoRaMac.c:843:13:OnRadioRxError	8	static
LoRaMac.c:866:13:UpdateRxSlotIdleState	0	static
LoRaMac.c:3004:13:StopRetransmission	0	static
LoRaMac.c:3059:13:CallNvmCtxCallback	8	static
LoRaMac.c:3067:13:EventMacNvmCtxChanged	8	static
LoRaMac.c:3072:13:EventRegionNvmCtxChanged	8	static
LoRaMac.c:3077:13:EventCryptoNvmCtxChanged	8	static
LoRaMac.c:3082:13:EventSecureElementNvmCtxChanged	8	static
LoRaMac.c:3087:13:EventCommandsNvmCtxChanged	8	static
LoRaMac.c:3092:13:EventClassBNvmCtxChanged	8	static
LoRaMac.c:3097:13:EventConfirmQueueNvmCtxChanged	8	static
LoRaMac.c:1905:16:GetMaxAppPayloadWithoutFOptsLength	16	static
LoRaMac.c:1749:13:OnAckTimeoutTimerEvent	8	static
LoRaMac.c:925:13:PrepareRxDoneAbort	8	static
LoRaMac.c:1353:13:HandleRadioRxErrorTimeout	40	static
LoRaMac.c:2560:13:ResetMacParameters	32	static
LoRaMac.c:2627:13:OpenContinuousRxCWindow	24	static
LoRaMac.c:853:13:OnRadioRxTimeout	16	static
LoRaMac.c:830:13:OnRadioTxTimeout	16	static
LoRaMac.c:810:13:OnRadioRxDone	32	static
LoRaMac.c:794:13:OnRadioTxDone	32	static
LoRaMac.c:1815:24:SwitchClass	40	static
LoRaMac.c:2613:13:RxWindowSetup.constprop	32	static
LoRaMac.c:1719:13:OnRxWindow1TimerEvent	8	static
LoRaMac.c:1731:13:OnRxWindow2TimerEvent	8	static
LoRaMac.c:1948:13:ProcessMacCommands.isra.1.constprop	104	static
LoRaMac.c:1456:6:LoRaMacIsBusy	0	static
LoRaMac.c:2642:17:PrepareFrame	48	static
LoRaMac.c:2747:17:SendFrameOnChannel	56	static
LoRaMac.c:2376:24:ScheduleTx	64	static
LoRaMac.c:1693:13:OnTxDelayedTimerEvent	8	static
LoRaMac.c:2252:17:Send	88	static
LoRaMac.c:2338:17:SendReJoinReq	16	static
LoRaMac.c:2817:17:SetTxContinuousWave	32	static
LoRaMac.c:2835:17:SetTxContinuousWave1	8	static
LoRaMac.c:2844:16:GetCtxs	16	static
LoRaMac.c:2859:17:RestoreCtxs	24	static
LoRaMac.c:2908:17:DetermineFrameType	8	static
LoRaMac.c:1658:6:LoRaMacProcess	200	static,ignoring_inline_asm
LoRaMac.c:3113:17:LoRaMacInitialization	88	static
LoRaMac.c:3338:17:LoRaMacStart	0	static
LoRaMac.c:3344:17:LoRaMacStop	8	static
LoRaMac.c:3358:17:LoRaMacQueryTxPossible	64	static
LoRaMac.c:3416:17:LoRaMacMibGetRequestConfirm	16	static
LoRaMac.c:3602:17:LoRaMacMibSetRequestConfirm	48	static
LoRaMac.c:4261:17:LoRaMacChannelAdd	48	static
LoRaMac.c:4281:17:LoRaMacChannelRemove	16	static
LoRaMac.c:4304:17:LoRaMacMcChannelSetup	32	static
LoRaMac.c:4340:17:LoRaMacMcChannelDelete	56	static
LoRaMac.c:4365:9:LoRaMacMcChannelGetGroupId	0	static
LoRaMac.c:4377:17:LoRaMacMcChannelSetupRxParams	48	static
LoRaMac.c:4441:17:LoRaMacMlmeRequest	40	static
LoRaMac.c:4592:17:LoRaMacMcpsRequest	56	static
LoRaMac.c:4703:6:LoRaMacTestSetDutyCycleOn	24	static
